// Jest Snapshot v1, https://goo.gl/fbAQLP

exports[`HomeTab renders correctly 1`] = `
<View
  style={
    Object {
      "alignItems": "center",
      "backgroundColor": "#0CC3F9",
      "flex": 1,
      "justifyContent": "flex-start",
    }
  }
  testID="homeTab"
>
  <Text
    style={
      Object {
        "backgroundColor": "yellow",
        "borderColor": "#20232a",
        "borderRadius": 6,
        "borderWidth": 3,
        "color": "black",
        "fontSize": 30,
        "fontWeight": "bold",
        "marginTop": 0,
        "paddingVertical": 10,
        "textAlign": "center",
      }
    }
  >
    Hello 
    Richard
    , Welcome to PrepPal! 
  </Text>
  <Text
    style={
      Object {
        "backgroundColor": "blue",
        "borderColor": "#20232a",
        "borderRadius": 6,
        "borderWidth": 3,
        "color": "red",
        "fontSize": 30,
        "fontWeight": "bold",
        "marginTop": 0,
        "paddingVertical": 6,
        "textAlign": "center",
      }
    }
  >
    Recent Recipes:
    

    chicken flambae
    

    eggs benedict
    

    chocolate chip cookies
     
  </Text>
  <View
    accessibilityRole="button"
    accessibilityState={Object {}}
    accessible={true}
    focusable={true}
    onClick={[Function]}
    onResponderGrant={[Function]}
    onResponderMove={[Function]}
    onResponderRelease={[Function]}
    onResponderTerminate={[Function]}
    onResponderTerminationRequest={[Function]}
    onStartShouldSetResponder={[Function]}
    style={
      Object {
        "opacity": 1,
      }
    }
  >
    <View
      style={
        Array [
          Object {},
        ]
      }
    >
      <Text
        style={
          Array [
            Object {
              "color": "#007AFF",
              "fontSize": 18,
              "margin": 8,
              "textAlign": "center",
            },
            Object {
              "color": "#E5101C",
            },
          ]
        }
      >
        See All Saved Recipes
      </Text>
    </View>
  </View>
</View>
`;

exports[`renders correctly 1`] = `
<View
  style={
    Object {
      "alignItems": "center",
      "backgroundColor": "#0CC3F9",
      "flex": 1,
      "justifyContent": "flex-start",
    }
  }
  testID="homeTab"
>
  <Text
    style={
      Object {
        "backgroundColor": "yellow",
        "borderColor": "#20232a",
        "borderRadius": 6,
        "borderWidth": 3,
        "color": "black",
        "fontSize": 30,
        "fontWeight": "bold",
        "marginTop": 0,
        "paddingVertical": 10,
        "textAlign": "center",
      }
    }
  >
    Hello 
    Richard
    , Welcome to PrepPal! 
  </Text>
  <Text
    style={
      Object {
        "backgroundColor": "blue",
        "borderColor": "#20232a",
        "borderRadius": 6,
        "borderWidth": 3,
        "color": "red",
        "fontSize": 30,
        "fontWeight": "bold",
        "marginTop": 0,
        "paddingVertical": 6,
        "textAlign": "center",
      }
    }
  >
    Recent Recipes:
    

    chicken flambae
    

    eggs benedict
    

    chocolate chip cookies
     
  </Text>
  <View
    accessibilityRole="button"
    accessibilityState={Object {}}
    accessible={true}
    focusable={true}
    onClick={[Function]}
    onResponderGrant={[Function]}
    onResponderMove={[Function]}
    onResponderRelease={[Function]}
    onResponderTerminate={[Function]}
    onResponderTerminationRequest={[Function]}
    onStartShouldSetResponder={[Function]}
    style={
      Object {
        "opacity": 1,
      }
    }
  >
    <View
      style={
        Array [
          Object {},
        ]
      }
    >
      <Text
        style={
          Array [
            Object {
              "color": "#007AFF",
              "fontSize": 18,
              "margin": 8,
              "textAlign": "center",
            },
            Object {
              "color": "#E5101C",
            },
          ]
        }
      >
        See All Saved Recipes
      </Text>
    </View>
  </View>
</View>
`;
